// Jest Snapshot v1, https://goo.gl/fbAQLP

exports[`TopBar Should render the TopBar 1`] = `
<div
  className="bye"
>
  <img
    src="test-file-stub"
  />
  Bye
</div>
`;
