// Jest Snapshot v1, https://goo.gl/fbAQLP

exports[`TopBar Should render the TopBar 1`] = `
<div>
  Welcome to React BoilerPlate!
</div>
`;
