// Jest Snapshot v1, https://goo.gl/fbAQLP

exports[`IconText Should render the IconText 1`] = `
<span>
  <Icon
    style={
      Object {
        "marginRight": 8,
      }
    }
  />
</span>
`;
