// Jest Snapshot v1, https://goo.gl/fbAQLP

exports[`Link Should render the Link 1`] = `
<div
  style={
    Object {
      "width": "100%",
    }
  }
>
  <Icon />
</div>
`;
