// Jest Snapshot v1, https://goo.gl/fbAQLP

exports[`Message Should render the Message 1`] = `<p />`;
